[
 {
  "name" : "json",
  "kind" : "module",
  "members" : [
   {
    "name" : "_staticCtor1",
    "kind" : "function",
    "line" : 8,
    "storageClass" : [
     "static"
    ],
    "deco" : "FZv",
    "endline" : 8
   },
   {
    "name" : "_staticDtor2",
    "kind" : "function",
    "line" : 10,
    "storageClass" : [
     "static"
    ],
    "deco" : "FZv",
    "endline" : 10
   },
   {
    "name" : "myInt",
    "kind" : "alias",
    "line" : 13,
    "deco" : "i"
   },
   {
    "name" : "x",
    "kind" : "variable",
    "line" : 14,
    "deco" : "i",
    "originalType" : "myInt"
   },
   {
    "kind" : "template",
    "line" : 16,
    "name" : "Foo",
    "parameters" : [
     {
      "name" : "T",
      "kind" : "type"
     }
    ],
    "members" : [
     {
      "name" : "Foo",
      "kind" : "struct",
      "line" : 16,
      "members" : [
       {
        "name" : "t",
        "kind" : "variable",
        "line" : 16,
        "type" : "T"
       }
      ]
     }
    ]
   },
   {
    "kind" : "template",
    "line" : 17,
    "name" : "Bar",
    "parameters" : [
     {
      "name" : "T",
      "kind" : "value",
      "deco" : "i"
     }
    ],
    "members" : [
     {
      "name" : "Bar",
      "kind" : "class",
      "line" : 17,
      "members" : [
       {
        "name" : "t",
        "kind" : "variable",
        "line" : 17,
        "deco" : "i",
        "init" : "T"
       }
      ]
     }
    ]
   },
   {
    "kind" : "template",
    "line" : 18,
    "name" : "Baz",
    "parameters" : [
     {
      "name" : "T",
      "kind" : "tuple"
     }
    ],
    "members" : [
     {
      "name" : "Baz",
      "kind" : "interface",
      "line" : 18,
      "members" : [
       {
        "name" : "t",
        "kind" : "function",
        "line" : 18,
        "type" : "const T[0]()"
       }
      ]
     }
    ]
   },
   {
    "kind" : "template",
    "line" : 20,
    "name" : "P",
    "parameters" : [
     {
      "name" : "T",
      "kind" : "alias"
     }
    ],
    "members" : []
   },
   {
    "name" : "Bar2",
    "kind" : "class",
    "line" : 22,
    "base" : "Bar",
    "interfaces" : [
     "Baz"
    ],
    "members" : [
     {
      "name" : "this",
      "kind" : "constructor",
      "line" : 23,
      "deco" : "FZC4json4Bar2",
      "originalType" : "()",
      "endline" : 23
     },
     {
      "name" : "~this",
      "kind" : "destructor",
      "line" : 24,
      "deco" : "FZv",
      "endline" : 24
     },
     {
      "name" : "foo",
      "kind" : "function",
      "line" : 26,
      "storageClass" : [
       "static"
      ],
      "deco" : "FZv",
      "originalType" : "()",
      "endline" : 26
     },
     {
      "name" : "baz",
      "kind" : "function",
      "protection" : "protected",
      "line" : 27,
      "storageClass" : [
       "abstract"
      ],
      "deco" : "FZS4json10__T3FooTiZ3Foo"
     },
     {
      "name" : "t",
      "kind" : "function",
      "line" : 28,
      "storageClass" : [
       "override"
      ],
      "deco" : "xFZi",
      "endline" : 28,
      "overrides" : [
       "json.Baz!(int, 2, null).Baz.t"
      ]
     }
    ]
   },
   {
    "name" : "Bar3",
    "kind" : "class",
    "line" : 31,
    "base" : "Bar2",
    "members" : [
     {
      "name" : "val",
      "kind" : "variable",
      "protection" : "private",
      "line" : 32,
      "deco" : "i",
     },
     {
      "name" : "this",
      "kind" : "constructor",
      "line" : 33,
      "deco" : "FiZC4json4Bar3",
      "originalType" : "(int i)",
      "parameters" : [
       {
        "name" : "i",
        "deco" : "i"
       }
      ],
      "endline" : 33
     },
     {
      "name" : "baz",
      "kind" : "function",
      "protection" : "protected",
      "line" : 35,
      "storageClass" : [
       "override"
      ],
      "deco" : "FZS4json10__T3FooTiZ3Foo",
      "endline" : 35,
      "overrides" : [
       "json.Bar2.baz"
      ]
     }
    ]
   },
   {
    "name" : "Foo2",
    "kind" : "struct",
    "line" : 38,
    "members" : [
     {
      "name" : "bar2",
      "kind" : "variable",
      "line" : 39,
      "deco" : "C4json4Bar2",
      "originalType" : "Bar2",
     },
     {
      "name" : "U",
      "kind" : "union",
      "line" : 40,
      "members" : [
       {
        "name" : "s",
        "kind" : "variable",
        "line" : 42,
        "deco" : "s",
       },
       {
        "name" : "i",
        "kind" : "variable",
        "line" : 43,
        "deco" : "i",
       },
       {
        "name" : "o",
        "kind" : "variable",
        "line" : 45,
        "deco" : "C6Object",
        "originalType" : "Object",
       }
      ]
     },
     {
      "name" : "__xopEquals",
      "kind" : "function",
      "storageClass" : [
       "static"
      ],
      "deco" : "FKxS4json4Foo2KxS4json4Foo2Zb",
      "parameters" : [
       {
        "name" : "p",
        "deco" : "xS4json4Foo2",
        "storageClass" : [
         "ref"
        ]
       },
       {
        "name" : "q",
        "deco" : "xS4json4Foo2",
        "storageClass" : [
         "ref"
        ]
       }
      ]
     }
    ]
   },
   {
    "name" : "bar",
    "kind" : "function",
    "line" : 52,
    "storageClass" : [
     "@trusted"
    ],
    "deco" : "FNeKkC4json4Bar2Zi",
    "originalType" : "myInt(ref uint blah, Bar2 foo = new Bar3(7))",
    "parameters" : [
     {
      "name" : "blah",
      "deco" : "k",
      "storageClass" : [
       "ref"
      ]
     },
     {
      "name" : "foo",
      "deco" : "C4json4Bar2",
      "default" : "cast(Bar2)new Bar3(7)"
     }
    ],
    "endline" : 55
   },
   {
    "name" : "outer",
    "kind" : "function",
    "line" : 57,
    "storageClass" : [
     "@property"
    ],
    "deco" : "FNbNdZi",
    "originalType" : "nothrow int()",
    "endline" : 74
   },
   {
    "name" : "imports.jsonimport1",
    "kind" : "import",
    "line" : 77,
    "protection" : "private",
    "selective" : [
     "target1",
     "target2"
    ]
   },
   {
    "name" : "imports.jsonimport2",
    "kind" : "import",
    "line" : 78,
    "protection" : "private",
    "renamed" : {
     "alias1" : "target1",
     "alias2" : "target2"
    }
   },
   {
    "name" : "imports.jsonimport3",
    "kind" : "import",
    "line" : 79,
    "protection" : "private",
    "renamed" : {
     "alias3" : "target1",
     "alias4" : "target2"
    },
    "selective" : [
     "target3"
    ]
   },
   {
    "name" : "imports.jsonimport4",
    "kind" : "import",
    "line" : 80,
    "protection" : "private"
   },
   {
    "name" : "S",
    "kind" : "struct",
    "line" : 83,
    "members" : [
     {
      "kind" : "template",
      "line" : 85,
      "name" : "this",
      "parameters" : [
       {
        "name" : "T",
        "kind" : "type"
       }
      ],
      "members" : [
       {
        "name" : "this",
        "kind" : "constructor",
        "line" : 85,
        "type" : "(T t)",
        "parameters" : [
         {
          "name" : "t",
          "type" : "T"
         }
        ],
        "endline" : 85
       }
      ]
     }
    ]
   },
   {
    "kind" : "template",
    "protection" : "private",
    "line" : 89,
    "name" : "S1_9755",
    "parameters" : [
     {
      "name" : "T",
      "kind" : "type"
     }
    ],
    "members" : [
     {
      "name" : "S1_9755",
      "kind" : "struct",
      "line" : 89,
      "members" : []
     }
    ]
   },
   {
    "kind" : "template",
    "protection" : "package",
    "line" : 90,
    "name" : "S2_9755",
    "parameters" : [
     {
      "name" : "T",
      "kind" : "type"
     }
    ],
    "members" : [
     {
      "name" : "S2_9755",
      "kind" : "struct",
      "line" : 90,
      "members" : []
     }
    ]
   },
   {
    "name" : "C_9755",
    "kind" : "class",
    "line" : 93,
    "members" : [
     {
      "kind" : "template",
      "protection" : "protected",
      "line" : 94,
      "name" : "CI_9755",
      "parameters" : [
       {
        "name" : "T",
        "kind" : "type"
       }
      ],
      "members" : [
       {
        "name" : "CI_9755",
        "kind" : "class",
        "line" : 94,
        "members" : []
       }
      ]
     }
    ]
   },
   {
    "name" : "c_10011",
    "kind" : "variable",
    "line" : 98,
    "storageClass" : [
     "const"
    ],
    "deco" : "xC6Object",
    "originalType" : "Object",
    "init" : "Object()"
   }
  ]
 }
]
